
> abhi-port@0.1.0 build
> next build

node.exe : ΓÜá Warning: Next.js 
inferred your workspace root, but it 
may not be correct.
At line:1 char:1
+ & "C:\Program Files\nodejs/node.exe" 
"C:\Program Files\nodejs/node_mo ...
+ ~~~~~~~~~~~~~~~~~~~~~~~~~~~~~~~~~~~~~~
~~~~~~~~~~~~~~~~~~~~~~~~~~~~~~~
    + CategoryInfo          : NotSpecif 
   ied: (ΓÜá Warning: Ne...not be corr  
  ect.:String) [], RemoteException
    + FullyQualifiedErrorId : NativeCom 
   mandError
 
 We detected multiple lockfiles and 
selected the directory of 
C:\Users\yashp\package-lock.json as the 
root directory.
 To silence this warning, set 
`turbopack.root` in your Next.js 
config, or consider removing one of the 
lockfiles if it's not needed.
   See https://nextjs.org/docs/app/api-r
eference/config/next-config-js/turbopack
#root-directory for more information.
 Detected additional lockfiles: 
   * C:\Users\yashp\Desktop\wOrK\Abhi 
Portfolio\package-lock.json

Γû▓ Next.js 16.2.2 (Turbopack)

  Creating an optimized production build ...

> Build error occurred
Error: Turbopack build failed with 4 
errors:
./Desktop/wOrK/Abhi 
Portfolio/src/components/Navbar.jsx:3:1
Export Github doesn't exist in target 
module
  [90m1 |[0m [32m"use client"[0m;
  [90m2 |[0m [36mimport[0m { motion 
} [36mfrom[0m 
[32m"framer-motion"[0m;
[31m[1m>[0m [90m3 |[0m 
[36mimport[0m { [33mGithub[0m, 
[33mLinkedin[0m, [33mMail[0m, 
[33mTwitter[0m } [36mfrom[0m 
[32m"lucide-react"[0m;
  [90m  |[0m [31m[1m^^^^^^^^^^^^^^^^
^^^^^^^^^^^^^^^^^^^^^^^^^^^^^^^^^^^^^^^^
^^^^^^^[0m
  [90m4 |[0m
  [90m5 |[0m [36mexport[0m 
[36mdefault[0m [36mfunction[0m 
[33mNavbar[0m() {
  [90m6 |[0m   [36mreturn[0m (

The export Github was not found in 
module [project]/Desktop/wOrK/Abhi Portf
olio/node_modules/lucide-react/dist/esm/
lucide-react.js [app-client] 
(ecmascript).
Did you mean to import Gift?
All exports of the module are 
statically known (It doesn't have 
dynamic exports). So it's known 
statically that the requested export 
doesn't exist.

Import trace:
  Server Component:
    ./Desktop/wOrK/Abhi 
Portfolio/src/components/Navbar.jsx
    ./Desktop/wOrK/Abhi 
Portfolio/src/app/page.js


./Desktop/wOrK/Abhi 
Portfolio/src/components/Navbar.jsx:3:1
Export Github doesn't exist in target 
module
  [90m1 |[0m [32m"use client"[0m;
  [90m2 |[0m [36mimport[0m { motion 
} [36mfrom[0m 
[32m"framer-motion"[0m;
[31m[1m>[0m [90m3 |[0m 
[36mimport[0m { [33mGithub[0m, 
[33mLinkedin[0m, [33mMail[0m, 
[33mTwitter[0m } [36mfrom[0m 
[32m"lucide-react"[0m;
  [90m  |[0m [31m[1m^^^^^^^^^^^^^^^^
^^^^^^^^^^^^^^^^^^^^^^^^^^^^^^^^^^^^^^^^
^^^^^^^[0m
  [90m4 |[0m
  [90m5 |[0m [36mexport[0m 
[36mdefault[0m [36mfunction[0m 
[33mNavbar[0m() {
  [90m6 |[0m   [36mreturn[0m (

The export Github was not found in 
module [project]/Desktop/wOrK/Abhi Portf
olio/node_modules/lucide-react/dist/esm/
lucide-react.js [app-ssr] (ecmascript).
Did you mean to import Gift?
All exports of the module are 
statically known (It doesn't have 
dynamic exports). So it's known 
statically that the requested export 
doesn't exist.

Import trace:
  Server Component:
    ./Desktop/wOrK/Abhi 
Portfolio/src/components/Navbar.jsx
    ./Desktop/wOrK/Abhi 
Portfolio/src/app/page.js


./Desktop/wOrK/Abhi Portfolio/src/compon
ents/Projects.jsx:9:1
Export Github doesn't exist in target 
module
  [90m 7 |[0m [36mimport[0m 
[32m'swiper/css/pagination'[0m;
  [90m 8 |[0m [36mimport[0m 
[32m'swiper/css/navigation'[0m;
[31m[1m>[0m [90m 9 |[0m 
[36mimport[0m { 
[33mExternalLink[0m, [33mGithub[0m 
} [36mfrom[0m [32m'lucide-react'[0m;
  [90m   |[0m [31m[1m^^^^^^^^^^^^^^^
^^^^^^^^^^^^^^^^^^^^^^^^^^^^^^^^^^^^^[0
m
  [90m10 |[0m
  [90m11 |[0m [36mconst[0m projects 
= [
  [90m12 |[0m   {

The export Github was not found in 
module [project]/Desktop/wOrK/Abhi Portf
olio/node_modules/lucide-react/dist/esm/
lucide-react.js [app-client] 
(ecmascript).
Did you mean to import Gift?
All exports of the module are 
statically known (It doesn't have 
dynamic exports). So it's known 
statically that the requested export 
doesn't exist.

Import trace:
  Server Component:
    ./Desktop/wOrK/Abhi 
Portfolio/src/components/Projects.jsx
    ./Desktop/wOrK/Abhi 
Portfolio/src/app/page.js


./Desktop/wOrK/Abhi Portfolio/src/compon
ents/Projects.jsx:9:1
Export Github doesn't exist in target 
module
  [90m 7 |[0m [36mimport[0m 
[32m'swiper/css/pagination'[0m;
  [90m 8 |[0m [36mimport[0m 
[32m'swiper/css/navigation'[0m;
[31m[1m>[0m [90m 9 |[0m 
[36mimport[0m { 
[33mExternalLink[0m, [33mGithub[0m 
} [36mfrom[0m [32m'lucide-react'[0m;
  [90m   |[0m [31m[1m^^^^^^^^^^^^^^^
^^^^^^^^^^^^^^^^^^^^^^^^^^^^^^^^^^^^^[0
m
  [90m10 |[0m
  [90m11 |[0m [36mconst[0m projects 
= [
  [90m12 |[0m   {

The export Github was not found in 
module [project]/Desktop/wOrK/Abhi Portf
olio/node_modules/lucide-react/dist/esm/
lucide-react.js [app-ssr] (ecmascript).
Did you mean to import Gift?
All exports of the module are 
statically known (It doesn't have 
dynamic exports). So it's known 
statically that the requested export 
doesn't exist.

Import trace:
  Server Component:
    ./Desktop/wOrK/Abhi 
Portfolio/src/components/Projects.jsx
    ./Desktop/wOrK/Abhi 
Portfolio/src/app/page.js


    at <unknown> (./Desktop/wOrK/Abhi 
Portfolio/src/components/Navbar.jsx:3:1)
    at <unknown> (./Desktop/wOrK/Abhi 
Portfolio/src/components/Navbar.jsx:3:1)
    at <unknown> (./Desktop/wOrK/Abhi Po
rtfolio/src/components/Projects.jsx:9:1)
    at <unknown> (./Desktop/wOrK/Abhi Po
rtfolio/src/components/Projects.jsx:9:1)
